// Jest Snapshot v1, https://goo.gl/fbAQLP

exports[`default snapshot 1`] = `
<div
  className="book"
>
  <div
    className="book-top"
  >
    <div
      className="book-cover"
      style={
        Object {
          "backgroundImage": "url()",
          "height": 193,
          "width": 128,
        }
      }
    />
    <div
      className="book-shelf-changer"
    >
      <select
        defaultValue="none"
        onChange={[Function]}
      >
        <option
          disabled={true}
          value="none"
        >
          Move to...
        </option>
        <option
          value="currentlyReading"
        >
          Currently Reading
        </option>
        <option
          value="wantToRead"
        >
          Want to Read
        </option>
        <option
          value="read"
        >
          Read
        </option>
        <option
          value="none"
        >
          None
        </option>
      </select>
    </div>
  </div>
  <div
    className="book-title"
  >
    Book's Title
  </div>
  <div
    className="book-authors"
  />
</div>
`;
