// Jest Snapshot v1, https://goo.gl/fbAQLP

exports[`snapshot without books 1`] = `
<div
  className="bookshelf"
>
  <h2
    className="bookshelf-title"
  >
    Bookshelf Name
  </h2>
  <div
    className="bookshelf-books"
  >
    <ol
      className="books-grid"
    />
  </div>
</div>
`;
