// Jest Snapshot v1, https://goo.gl/fbAQLP

exports[`default snpashot 1`] = `
<div
  className="search-books-input-wrapper"
>
  <Debounce
    handler="onChange"
    handlers={Array []}
    time="500"
  >
    <TextField
      disabled={false}
      floatingLabelFixed={false}
      fullWidth={true}
      id="search-input"
      multiLine={false}
      onChange={[Function]}
      placeholder="Search by title or author"
      rows={1}
      type="text"
      underlineShow={false}
    />
  </Debounce>
</div>
`;
