// Jest Snapshot v1, https://goo.gl/fbAQLP

exports[`default snapshot 1`] = `
<div
  className="search-books"
>
  <SearchBar
    onSearch={[Function]}
  />
  <SearchResult
    books={Array []}
  />
</div>
`;
