// Jest Snapshot v1, https://goo.gl/fbAQLP

exports[`snapshot 1`] = `
<div>
  <div
    className="search-suggestion"
  >
    Try search for 
    <br />
    "
    Film
    "
  </div>
</div>
`;
